<?xml version="1.0" encoding="utf-8" ?>
<result>
	<nb_conversions>1</nb_conversions>
	<nb_visits_converted>1</nb_visits_converted>
	<revenue>10</revenue>
	<conversion_rate>100%</conversion_rate>
</result>