<?xml version="1.0" encoding="utf-8" ?>
<results>
	<result idSite="1">
		<nb_conversions>0</nb_conversions>
		<nb_visits_converted>0</nb_visits_converted>
		<revenue>0</revenue>
		<conversion_rate>0%</conversion_rate>
	</result>
	<result idSite="2" />
</results>