<?xml version="1.0" encoding="utf-8" ?>
<result>
	<nb_conversions>3</nb_conversions>
	<nb_visits_converted>3</nb_visits_converted>
	<revenue>7530.33</revenue>
	<items>12</items>
	<avg_order_revenue>2510.11</avg_order_revenue>
	<conversion_rate>60%</conversion_rate>
</result>