<?xml version="1.0" encoding="utf-8" ?>
<result>
	<row>
		<label>Desktop</label>
		<nb_visits>23</nb_visits>
		<nb_actions>26</nb_actions>
		<max_actions>3</max_actions>
		<sum_visit_length>305</sum_visit_length>
		<bounce_count>21</bounce_count>
		<nb_visits_converted>22</nb_visits_converted>
		<sum_daily_nb_uniq_visitors>23</sum_daily_nb_uniq_visitors>
		<sum_daily_nb_users>0</sum_daily_nb_users>
		<logo>plugins/DevicesDetection/images/screens/normal.gif</logo>
	</row>
	<row>
		<label>Unknown</label>
		<nb_visits>2</nb_visits>
		<nb_actions>2</nb_actions>
		<max_actions>1</max_actions>
		<sum_visit_length>0</sum_visit_length>
		<bounce_count>2</bounce_count>
		<nb_visits_converted>1</nb_visits_converted>
		<sum_daily_nb_uniq_visitors>2</sum_daily_nb_uniq_visitors>
		<sum_daily_nb_users>0</sum_daily_nb_users>
		<logo>plugins/DevicesDetection/images/screens/unknown.gif</logo>
	</row>
	<row>
		<label>Smartphone</label>
		<nb_visits>2</nb_visits>
		<nb_actions>2</nb_actions>
		<max_actions>1</max_actions>
		<sum_visit_length>0</sum_visit_length>
		<bounce_count>2</bounce_count>
		<nb_visits_converted>2</nb_visits_converted>
		<sum_daily_nb_uniq_visitors>2</sum_daily_nb_uniq_visitors>
		<sum_daily_nb_users>0</sum_daily_nb_users>
		<logo>plugins/DevicesDetection/images/screens/smartphone.png</logo>
	</row>
	<row>
		<label>Tablet</label>
		<nb_visits>0</nb_visits>
		<logo>plugins/DevicesDetection/images/screens/tablet.png</logo>
	</row>
	<row>
		<label>Feature phone</label>
		<nb_visits>0</nb_visits>
		<logo>plugins/DevicesDetection/images/screens/mobile.gif</logo>
	</row>
	<row>
		<label>Console</label>
		<nb_visits>0</nb_visits>
		<logo>plugins/DevicesDetection/images/screens/console.gif</logo>
	</row>
	<row>
		<label>Tv</label>
		<nb_visits>0</nb_visits>
		<logo>plugins/DevicesDetection/images/screens/tv.png</logo>
	</row>
	<row>
		<label>Car browser</label>
		<nb_visits>0</nb_visits>
		<logo>plugins/DevicesDetection/images/screens/carbrowser.png</logo>
	</row>
	<row>
		<label>Smart display</label>
		<nb_visits>0</nb_visits>
		<logo>plugins/DevicesDetection/images/screens/unknown.gif</logo>
	</row>
	<row>
		<label>Camera</label>
		<nb_visits>0</nb_visits>
		<logo>plugins/DevicesDetection/images/screens/camera.png</logo>
	</row>
</result>