<?xml version="1.0" encoding="utf-8" ?>
<result>
	<nb_conversions>2</nb_conversions>
	<nb_visits_converted>2</nb_visits_converted>
	<revenue>5020.22</revenue>
	<items>8</items>
	<avg_order_revenue>2510.11</avg_order_revenue>
	<conversion_rate>66.67%</conversion_rate>
</result>