<?xml version="1.0" encoding="utf-8" ?>
<result>
	<nb_conversions>3</nb_conversions>
	<nb_visits_converted>2</nb_visits_converted>
	<revenue>3121.11</revenue>
	<conversion_rate>66.67%</conversion_rate>
</result>